// Jest Snapshot v1, https://goo.gl/fbAQLP

exports[`app/templates/HeroTemplate stories Sample matches markup snapshot 1`] = `
<DocumentFragment>
  <div
    class="container"
  >
    <header
      class="header"
    >
      Page content
    </header>
  </div>
</DocumentFragment>
`;
